c:\users\andre\source\repos\opppo\opppo_task1\x64\debug\opppo_task1.core.pdb
c:\users\andre\source\repos\opppo\opppo_task1\x64\debug\opppo_task1.core.idb
c:\users\andre\source\repos\opppo\opppo_task1\opppo_task1.core\x64\debug\parser.obj
c:\users\andre\source\repos\opppo\opppo_task1\opppo_task1.core\x64\debug\insect.obj
c:\users\andre\source\repos\opppo\opppo_task1\opppo_task1.core\x64\debug\fish.obj
c:\users\andre\source\repos\opppo\opppo_task1\opppo_task1.core\x64\debug\bird.obj
c:\users\andre\source\repos\opppo\opppo_task1\opppo_task1.core\x64\debug\animal.obj
c:\users\andre\source\repos\opppo\opppo_task1\opppo_task1.core\x64\debug\pch.h.ifc
c:\users\andre\source\repos\opppo\opppo_task1\opppo_task1.core\x64\debug\pch.h.ifc.d.json
c:\users\andre\source\repos\opppo\opppo_task1\opppo_task1.core\x64\debug\pch.h.obj
c:\users\andre\source\repos\opppo\opppo_task1\x64\debug\opppo_task1.core.lib
c:\users\andre\source\repos\opppo\opppo_task1\opppo_task1.core\x64\debug\pch.h.module.json
c:\users\andre\source\repos\opppo\opppo_task1\opppo_task1.core\x64\debug\opppo_task1.core.tlog\cl.command.1.tlog
c:\users\andre\source\repos\opppo\opppo_task1\opppo_task1.core\x64\debug\opppo_task1.core.tlog\cl.items.tlog
c:\users\andre\source\repos\opppo\opppo_task1\opppo_task1.core\x64\debug\opppo_task1.core.tlog\cl.read.1.tlog
c:\users\andre\source\repos\opppo\opppo_task1\opppo_task1.core\x64\debug\opppo_task1.core.tlog\cl.write.1.tlog
c:\users\andre\source\repos\opppo\opppo_task1\opppo_task1.core\x64\debug\opppo_task1.core.tlog\lib-link.read.1.tlog
c:\users\andre\source\repos\opppo\opppo_task1\opppo_task1.core\x64\debug\opppo_task1.core.tlog\lib-link.write.1.tlog
c:\users\andre\source\repos\opppo\opppo_task1\opppo_task1.core\x64\debug\opppo_task1.core.tlog\lib.command.1.tlog
c:\users\andre\source\repos\opppo\opppo_task1\opppo_task1.core\x64\debug\opppo_task1.core_md.tlog\cl.command.1.tlog
c:\users\andre\source\repos\opppo\opppo_task1\opppo_task1.core\x64\debug\opppo_task1.core_md.tlog\microsoft.build.cpptasks.cl.read.1.tlog
c:\users\andre\source\repos\opppo\opppo_task1\opppo_task1.core\x64\debug\opppo_task1.core_md.tlog\microsoft.build.cpptasks.cl.write.1.tlog
